---
source: tests/tui_view.rs
expression: "render_symbols(&state, 80, 28)"
---
┌ Date · 2026-04-01 12:00 UTC ─────────────────────────────────────────────────┐
│██ Core   ▓▓ Shoulder   ░░ Off     ▼ Now  ◆ Cursor                            │
└──────────────────────────────────────────────────────────────────────────────┘
┌Zone Timeline─────────────────────────────────────────────────────────────────┐
│UTC                    20    00     04    08     ◆     16    20     00    04  │
│America/Los_Angeles ██████████▓▒░░░░░░░░░░░░░░░░░│░░░▒▓█████████████▓▒░░░░░░░░│
│America/New_York    █████▓▒░░░░░░░░░░░░░░░░░░░░░░│▓█████████████▒▒░░░░░░░░░░░░│
│Europe/London       ░░░░░░░░░░░░░░░░░░░░▒▒███████│█████▓▒▒░░░░░░░░░░░░░░░░░░░░│
│Europe/Berlin       ░░░░░░░░░░░░░░░░░░░▒▓████████│████▓▒░░░░░░░░░░░░░░░░░░░░░░│
│Asia/Kolkata        ░░░░░░░░░░░░░▒▓█████████████▓│░░░░░░░░░░░░░░░░░░░░░░▒▓████│
│Australia/Sydney    ░░░░▒▓█████████████▓▒░░░░░░░░│░░░░░░░░░░░░░▒▓█████████████│
│Overlap             ⣤⣤⣤⣤⣤⣤⣤⣤⣤⣤⣤⣀⣀⣀⣤⣤⣤⣤⣤⣤⣤⣤⣤⣤⣤⣤⣤⣤⣤│⣤⣤⣤⣤⣶⣤⣤⣤⣤⣤⣤⣤⣤⣤⣤⣤⣤⣤⣤⣤⣀⣀⣤⣤⣤⣤⣤⣤│
│Best  15:00–16:00 UTC · 60m · 4/6 · fallback                                  │
│                                                                              │
│                                                                              │
└──────────────────────────────────────────────────────────────────────────────┘
┌Best Windows──────────────────────────┐┌Cursor Position───────────────────────┐
│Times shown for UTC                   ││◆ Cursor 12:00 UTC · 2/6 core         │
│● Fallback 15:00-16:00 (60m, 4/6)     ││UTC                12:00              │
│                                      ││America/Los_Angel… 05:00 off          │
│                                      ││America/New_York   08:00 shldr        │
│                                      ││Europe/London      13:00 core         │
│                                      ││Europe/Berlin      14:00 core         │
│                                      ││Asia/Kolkata       17:30 shldr        │
│                                      ││Australia/Sydney   23:00 off          │
└──────────────────────────────────────┘└──────────────────────────────────────┘
h/l cursor  j/k zones  n now  │  a add  x del  J/K move  e edit  o sort:UTC+  │ 
m map  s save  ? help  q quit
