---
source: tests/tui_view.rs
expression: "render_symbols(&state, 200, 30)"
---
┌ Date · 2026-04-01 12:00 UTC ─────────────────────────────────────────────────────────────────────────────────────────────────────────────────────────────────────────────────────────────────────────┐
│██ Core   ▓▓ Shoulder   ░░ Off     ▼ Now  ◆ Cursor                                                                                                                                                    │
└──────────────────────────────────────────────────────────────────────────────────────────────────────────────────────────────────────────────────────────────────────────────────────────────────────┘
┌Zone Timeline─────────────────────────────────────────────────────────────────────────────────────────────────────────────────────────────────────────────────────────────────────────────────────────┐
│UTC                 00     01     02      03     04      05     06     07      08     09      10     11      ◆      13     14      15     16      17     18     19      20     21      22     23      │
│America/Los_Angeles ▓▓▓▓▓▓▒▒░░░░░░░░░░░░░░░░░░░░░░░░░░░░░░░░░░░░░░░░░░░░░░░░░░░░░░░░░░░░░░░░░░░░░░░░░░░░░░░░░│░░░░░░░░░░░░░░░░░░░░░▒▓▓▓▓▓▓▓███████████████████████████████████████████████████████████│
│America/New_York    ░░░░░░░░░░░░░░░░░░░░░░░░░░░░░░░░░░░░░░░░░░░░░░░░░░░░░░░░░░░░░░░░░░░░░░░░░░░░░░░░░░░░░░░░▒│▓▓▓▓▓▓████████████████████████████████████████████████████████████▓▓▓▓▓▓▒▒░░░░░░░░░░░░░░│
│Europe/London       ░░░░░░░░░░░░░░░░░░░░░░░░░░░░░░░░░░░░░░░░░░░░░░░░░░░▒▒▓▓▓▓▓▓██████████████████████████████│█████████████████████████████▓▓▓▓▓▓▒░░░░░░░░░░░░░░░░░░░░░░░░░░░░░░░░░░░░░░░░░░░░░░░░░░░░│
│Europe/Berlin       ░░░░░░░░░░░░░░░░░░░░░░░░░░░░░░░░░░░░░░░░░░░░▒▓▓▓▓▓▓▓█████████████████████████████████████│█████████████████████▓▓▓▓▓▓▓▒░░░░░░░░░░░░░░░░░░░░░░░░░░░░░░░░░░░░░░░░░░░░░░░░░░░░░░░░░░░│
│Asia/Kolkata        ░░░░░░░░░░░░░░░░░░▒▓▓▓▓▓▓▓███████████████████████████████████████████████████████████▓▓▓▓│▓▓▒░░░░░░░░░░░░░░░░░░░░░░░░░░░░░░░░░░░░░░░░░░░░░░░░░░░░░░░░░░░░░░░░░░░░░░░░░░░░░░░░░░░░░│
│Australia/Sydney    █████████████████████████████████████████████▓▓▓▓▓▓▒░░░░░░░░░░░░░░░░░░░░░░░░░░░░░░░░░░░░░│░░░░░░░░░░░░░░░░░░░░░░░░░░░░░░░░░░░░░░░░░░░░░░░░░░░░░░░░░░░░░░░░░▒▒▓▓▓▓▓▓███████████████│
│Overlap             ⣤⣤⣤⣤⣤⣤⣤⣀⣀⣀⣀⣀⣀⣀⣀⣀⣀⣀⣀⣤⣤⣤⣤⣤⣤⣤⣤⣤⣤⣤⣤⣤⣤⣤⣤⣤⣤⣤⣤⣤⣤⣤⣤⣤⣤⣤⣤⣤⣤⣤⣤⣤⣤⣤⣤⣤⣤⣤⣤⣤⣤⣤⣤⣤⣤⣤⣤⣤⣤⣤⣤⣤⣤⣤⣤⣤⣤⣤⣤⣤⣤⣤⣤⣤⣤⣤⣤⣤⣤│⣶⣶⣶⣤⣤⣤⣤⣤⣤⣤⣤⣤⣤⣤⣤⣤⣤⣤⣤⣤⣤⣶⣶⣶⣶⣶⣶⣶⣶⣤⣤⣤⣤⣤⣤⣤⣤⣤⣤⣤⣤⣤⣤⣤⣤⣤⣤⣤⣤⣤⣤⣤⣤⣤⣤⣤⣤⣤⣤⣤⣤⣤⣤⣤⣤⣤⣤⣤⣤⣤⣤⣤⣤⣤⣤⣤⣤⣤⣤⣤⣤⣤⣤⣤⣤⣤⣤⣤│
│Best  15:00–16:00 UTC · 60m · 4/6 · fallback                                                                                                                                                          │
│                                                                                                                                                                                                      │
│                                                                                                                                                                                                      │
│                                                                                                                                                                                                      │
│                                                                                                                                                                                                      │
│                                                                                                                                                                                                      │
└──────────────────────────────────────────────────────────────────────────────────────────────────────────────────────────────────────────────────────────────────────────────────────────────────────┘
┌Best Windows──────────────────────────────────────────────────────────────────────────────────────┐┌Cursor Position───────────────────────────────────────────────────────────────────────────────────┐
│Times shown for UTC                                                                               ││◆ Cursor 12:00 UTC · 2/6 core                                                                     │
│● Fallback 15:00-16:00 (60m, 4/6)                                                                 ││UTC                12:00                                                                          │
│                                                                                                  ││America/Los_Angel… 05:00 off                                                                      │
│                                                                                                  ││America/New_York   08:00 shldr                                                                    │
│                                                                                                  ││Europe/London      13:00 core                                                                     │
│                                                                                                  ││Europe/Berlin      14:00 core                                                                     │
│                                                                                                  ││Asia/Kolkata       17:30 shldr                                                                    │
│                                                                                                  ││Australia/Sydney   23:00 off                                                                      │
└──────────────────────────────────────────────────────────────────────────────────────────────────┘└──────────────────────────────────────────────────────────────────────────────────────────────────┘
 h/l cursor  j/k zones  n now  │  a add  x del  J/K move  e edit  o sort:UTC+  │  s save  ? help  q quit
